// Jest Snapshot v1, https://goo.gl/fbAQLP

exports[`renders correctly 1`] = `
<label
  className="searchbox__label"
  htmlFor="searchbox__input"
  id="searchbox__label"
>
  Pick-up Location
</label>
`;
