// Jest Snapshot v1, https://goo.gl/fbAQLP

exports[`renders correctly 1`] = `
<h2
  className="searchbox__title"
>
  Where are you going?
</h2>
`;
