// Jest Snapshot v1, https://goo.gl/fbAQLP

exports[`SearchBox renders correctly 1`] = `
<div
  className="searchbox"
>
  <SearchBoxForm />
</div>
`;
